[INIT].... → Crawl4AI 0.9.2 
[FETCH]... ↓ https://www.wsd.gov.hk/en/tenders-contracts-and-...ts/active-wsd-capital-works-contracts/index.html  | ✓ | ⏱: 11.00s 
[SCRAPE].. ◆ https://www.wsd.gov.hk/en/tenders-contracts-and-...ts/active-wsd-capital-works-contracts/index.html  | ✓ | ⏱: 0.38s 
[EXTRACT]. ■ https://www.wsd.gov.hk/en/tenders-contracts-and-...ts/active-wsd-capital-works-contracts/index.html  | ✓ | ⏱: 0.36s 
[COMPLETE] ● https://www.wsd.gov.hk/en/tenders-contracts-and-...ts/active-wsd-capital-works-contracts/index.html  | ✓ | ⏱: 11.78s 
[FETCH]... ↓ https://www.wsd.gov.hk/en/tenders-contracts-and-...tive-wsd-capital-works-contracts/index.html?id=1  | ✓ | ⏱: 5.69s 
[SCRAPE].. ◆ https://www.wsd.gov.hk/en/tenders-contracts-and-...tive-wsd-capital-works-contracts/index.html?id=1  | ✓ | ⏱: 0.42s 
[EXTRACT]. ■ https://www.wsd.gov.hk/en/tenders-contracts-and-...tive-wsd-capital-works-contracts/index.html?id=1  | ✓ | ⏱: 0.14s 
[COMPLETE] ● https://www.wsd.gov.hk/en/tenders-contracts-and-...tive-wsd-capital-works-contracts/index.html?id=1  | ✓ | ⏱: 6.32s 
[FETCH]... ↓ https://www.wsd.gov.hk/en/tenders-contracts-and-...ive-wsd-capital-works-contracts/index.html?id=13  | ✓ | ⏱: 6.11s 
[SCRAPE].. ◆ https://www.wsd.gov.hk/en/tenders-contracts-and-...ive-wsd-capital-works-contracts/index.html?id=13  | ✓ | ⏱: 0.26s 
[EXTRACT]. ■ https://www.wsd.gov.hk/en/tenders-contracts-and-...ive-wsd-capital-works-contracts/index.html?id=13  | ✓ | ⏱: 0.27s 
[COMPLETE] ● https://www.wsd.gov.hk/en/tenders-contracts-and-...ive-wsd-capital-works-contracts/index.html?id=13  | ✓ | ⏱: 6.71s 
[FETCH]... ↓ https://www.wsd.gov.hk/en/tenders-contracts-and-...ive-wsd-capital-works-contracts/index.html?id=12  | ✓ | ⏱: 6.70s 
[SCRAPE].. ◆ https://www.wsd.gov.hk/en/tenders-contracts-and-...ive-wsd-capital-works-contracts/index.html?id=12  | ✓ | ⏱: 0.36s 
[FETCH]... ↓ https://www.wsd.gov.hk/en/tenders-contracts-and-...ive-wsd-capital-works-contracts/index.html?id=11  | ✓ | ⏱: 7.05s 
[SCRAPE].. ◆ https://www.wsd.gov.hk/en/tenders-contracts-and-...ive-wsd-capital-works-contracts/index.html?id=11  | ✓ | ⏱: 0.57s 
[EXTRACT]. ■ https://www.wsd.gov.hk/en/tenders-contracts-and-...ive-wsd-capital-works-contracts/index.html?id=12  | ✓ | ⏱: 0.58s 
[COMPLETE] ● https://www.wsd.gov.hk/en/tenders-contracts-and-...ive-wsd-capital-works-contracts/index.html?id=12  | ✓ | ⏱: 7.70s 
[FETCH]... ↓ https://www.wsd.gov.hk/en/tenders-contracts-and-...ive-wsd-capital-works-contracts/index.html?id=10  | ✓ | ⏱: 7.69s 
[SCRAPE].. ◆ https://www.wsd.gov.hk/en/tenders-contracts-and-...ive-wsd-capital-works-contracts/index.html?id=10  | ✓ | ⏱: 0.51s 
[EXTRACT]. ■ https://www.wsd.gov.hk/en/tenders-contracts-and-...ive-wsd-capital-works-contracts/index.html?id=11  | ✓ | ⏱: 0.59s 
[COMPLETE] ● https://www.wsd.gov.hk/en/tenders-contracts-and-...ive-wsd-capital-works-contracts/index.html?id=11  | ✓ | ⏱: 8.29s 
[EXTRACT]. ■ https://www.wsd.gov.hk/en/tenders-contracts-and-...ive-wsd-capital-works-contracts/index.html?id=10  | ✓ | ⏱: 0.32s 
[COMPLETE] ● https://www.wsd.gov.hk/en/tenders-contracts-and-...ive-wsd-capital-works-contracts/index.html?id=10  | ✓ | ⏱: 8.57s 
[FETCH]... ↓ https://www.wsd.gov.hk/en/tenders-contracts-and-...ive-wsd-capital-works-contracts/index.html?id=14  | ✓ | ⏱: 6.35s 
[SCRAPE].. ◆ https://www.wsd.gov.hk/en/tenders-contracts-and-...ive-wsd-capital-works-contracts/index.html?id=14  | ✓ | ⏱: 0.81s 
[EXTRACT]. ■ https://www.wsd.gov.hk/en/tenders-contracts-and-...ive-wsd-capital-works-contracts/index.html?id=14  | ✓ | ⏱: 0.22s 
[COMPLETE] ● https://www.wsd.gov.hk/en/tenders-contracts-and-...ive-wsd-capital-works-contracts/index.html?id=14  | ✓ | ⏱: 7.44s 
[FETCH]... ↓ https://www.wsd.gov.hk/en/tenders-contracts-and-...ive-wsd-capital-works-contracts/index.html?id=16  | ✓ | ⏱: 5.26s 
[SCRAPE].. ◆ https://www.wsd.gov.hk/en/tenders-contracts-and-...ive-wsd-capital-works-contracts/index.html?id=16  | ✓ | ⏱: 0.20s 
[EXTRACT]. ■ https://www.wsd.gov.hk/en/tenders-contracts-and-...ive-wsd-capital-works-contracts/index.html?id=16  | ✓ | ⏱: 0.09s 
[COMPLETE] ● https://www.wsd.gov.hk/en/tenders-contracts-and-...ive-wsd-capital-works-contracts/index.html?id=16  | ✓ | ⏱: 5.61s 
[FETCH]... ↓ https://www.wsd.gov.hk/en/tenders-contracts-and-...ive-wsd-capital-works-contracts/index.html?id=17  | ✓ | ⏱: 6.37s 
[SCRAPE].. ◆ https://www.wsd.gov.hk/en/tenders-contracts-and-...ive-wsd-capital-works-contracts/index.html?id=17  | ✓ | ⏱: 0.28s 
[EXTRACT]. ■ https://www.wsd.gov.hk/en/tenders-contracts-and-...ive-wsd-capital-works-contracts/index.html?id=17  | ✓ | ⏱: 0.20s 
[COMPLETE] ● https://www.wsd.gov.hk/en/tenders-contracts-and-...ive-wsd-capital-works-contracts/index.html?id=17  | ✓ | ⏱: 6.90s 
[FETCH]... ↓ https://www.wsd.gov.hk/en/tenders-contracts-and-...ive-wsd-capital-works-contracts/index.html?id=18  | ✓ | ⏱: 6.75s 
[SCRAPE].. ◆ https://www.wsd.gov.hk/en/tenders-contracts-and-...ive-wsd-capital-works-contracts/index.html?id=18  | ✓ | ⏱: 0.36s 
[FETCH]... ↓ https://www.wsd.gov.hk/en/tenders-contracts-and-...ive-wsd-capital-works-contracts/index.html?id=15  | ✓ | ⏱: 7.61s 
[SCRAPE].. ◆ https://www.wsd.gov.hk/en/tenders-contracts-and-...ive-wsd-capital-works-contracts/index.html?id=15  | ✓ | ⏱: 0.76s 
[EXTRACT]. ■ https://www.wsd.gov.hk/en/tenders-contracts-and-...ive-wsd-capital-works-contracts/index.html?id=18  | ✓ | ⏱: 0.79s 
[COMPLETE] ● https://www.wsd.gov.hk/en/tenders-contracts-and-...ive-wsd-capital-works-contracts/index.html?id=18  | ✓ | ⏱: 8.05s 
[EXTRACT]. ■ https://www.wsd.gov.hk/en/tenders-contracts-and-...ive-wsd-capital-works-contracts/index.html?id=15  | ✓ | ⏱: 0.38s 
[COMPLETE] ● https://www.wsd.gov.hk/en/tenders-contracts-and-...ive-wsd-capital-works-contracts/index.html?id=15  | ✓ | ⏱: 8.80s 
[FETCH]... ↓ https://www.wsd.gov.hk/en/tenders-contracts-and-...ive-wsd-capital-works-contracts/index.html?id=19  | ✓ | ⏱: 6.81s 
[SCRAPE].. ◆ https://www.wsd.gov.hk/en/tenders-contracts-and-...ive-wsd-capital-works-contracts/index.html?id=19  | ✓ | ⏱: 0.29s 
[FETCH]... ↓ https://www.wsd.gov.hk/en/tenders-contracts-and-...tive-wsd-capital-works-contracts/index.html?id=2  | ✓ | ⏱: 6.58s 
[SCRAPE].. ◆ https://www.wsd.gov.hk/en/tenders-contracts-and-...tive-wsd-capital-works-contracts/index.html?id=2  | ✓ | ⏱: 0.42s 
[EXTRACT]. ■ https://www.wsd.gov.hk/en/tenders-contracts-and-...ive-wsd-capital-works-contracts/index.html?id=19  | ✓ | ⏱: 0.66s 
[COMPLETE] ● https://www.wsd.gov.hk/en/tenders-contracts-and-...ive-wsd-capital-works-contracts/index.html?id=19  | ✓ | ⏱: 7.84s 
[EXTRACT]. ■ https://www.wsd.gov.hk/en/tenders-contracts-and-...tive-wsd-capital-works-contracts/index.html?id=2  | ✓ | ⏱: 0.20s 
[COMPLETE] ● https://www.wsd.gov.hk/en/tenders-contracts-and-...tive-wsd-capital-works-contracts/index.html?id=2  | ✓ | ⏱: 7.22s 
[FETCH]... ↓ https://www.wsd.gov.hk/en/tenders-contracts-and-...ive-wsd-capital-works-contracts/index.html?id=20  | ✓ | ⏱: 6.24s 
[SCRAPE].. ◆ https://www.wsd.gov.hk/en/tenders-contracts-and-...ive-wsd-capital-works-contracts/index.html?id=20  | ✓ | ⏱: 0.20s 
[EXTRACT]. ■ https://www.wsd.gov.hk/en/tenders-contracts-and-...ive-wsd-capital-works-contracts/index.html?id=20  | ✓ | ⏱: 0.09s 
[COMPLETE] ● https://www.wsd.gov.hk/en/tenders-contracts-and-...ive-wsd-capital-works-contracts/index.html?id=20  | ✓ | ⏱: 6.57s 
[FETCH]... ↓ https://www.wsd.gov.hk/en/tenders-contracts-and-...ive-wsd-capital-works-contracts/index.html?id=21  | ✓ | ⏱: 6.24s 
[SCRAPE].. ◆ https://www.wsd.gov.hk/en/tenders-contracts-and-...ive-wsd-capital-works-contracts/index.html?id=21  | ✓ | ⏱: 0.97s 
[FETCH]... ↓ https://www.wsd.gov.hk/en/tenders-contracts-and-...ive-wsd-capital-works-contracts/index.html?id=22  | ✓ | ⏱: 7.03s 
[SCRAPE].. ◆ https://www.wsd.gov.hk/en/tenders-contracts-and-...ive-wsd-capital-works-contracts/index.html?id=22  | ✓ | ⏱: 1.07s 
[EXTRACT]. ■ https://www.wsd.gov.hk/en/tenders-contracts-and-...ive-wsd-capital-works-contracts/index.html?id=21  | ✓ | ⏱: 1.16s 
[COMPLETE] ● https://www.wsd.gov.hk/en/tenders-contracts-and-...ive-wsd-capital-works-contracts/index.html?id=21  | ✓ | ⏱: 8.48s 
[EXTRACT]. ■ https://www.wsd.gov.hk/en/tenders-contracts-and-...ive-wsd-capital-works-contracts/index.html?id=22  | ✓ | ⏱: 0.38s 
[COMPLETE] ● https://www.wsd.gov.hk/en/tenders-contracts-and-...ive-wsd-capital-works-contracts/index.html?id=22  | ✓ | ⏱: 8.55s 
[FETCH]... ↓ https://www.wsd.gov.hk/en/tenders-contracts-and-...ive-wsd-capital-works-contracts/index.html?id=23  | ✓ | ⏱: 7.72s 
[SCRAPE].. ◆ https://www.wsd.gov.hk/en/tenders-contracts-and-...ive-wsd-capital-works-contracts/index.html?id=23  | ✓ | ⏱: 0.34s 
[FETCH]... ↓ https://www.wsd.gov.hk/en/tenders-contracts-and-...ive-wsd-capital-works-contracts/index.html?id=24  | ✓ | ⏱: 7.82s 
[SCRAPE].. ◆ https://www.wsd.gov.hk/en/tenders-contracts-and-...ive-wsd-capital-works-contracts/index.html?id=24  | ✓ | ⏱: 0.42s 
[EXTRACT]. ■ https://www.wsd.gov.hk/en/tenders-contracts-and-...ive-wsd-capital-works-contracts/index.html?id=23  | ✓ | ⏱: 0.43s 
[COMPLETE] ● https://www.wsd.gov.hk/en/tenders-contracts-and-...ive-wsd-capital-works-contracts/index.html?id=23  | ✓ | ⏱: 8.54s 
[FETCH]... ↓ https://www.wsd.gov.hk/en/tenders-contracts-and-...ive-wsd-capital-works-contracts/index.html?id=25  | ✓ | ⏱: 7.85s 
[SCRAPE].. ◆ https://www.wsd.gov.hk/en/tenders-contracts-and-...ive-wsd-capital-works-contracts/index.html?id=25  | ✓ | ⏱: 0.42s 
[EXTRACT]. ■ https://www.wsd.gov.hk/en/tenders-contracts-and-...ive-wsd-capital-works-contracts/index.html?id=24  | ✓ | ⏱: 0.54s 
[COMPLETE] ● https://www.wsd.gov.hk/en/tenders-contracts-and-...ive-wsd-capital-works-contracts/index.html?id=24  | ✓ | ⏱: 8.84s 
[EXTRACT]. ■ https://www.wsd.gov.hk/en/tenders-contracts-and-...ive-wsd-capital-works-contracts/index.html?id=25  | ✓ | ⏱: 0.23s 
[COMPLETE] ● https://www.wsd.gov.hk/en/tenders-contracts-and-...ive-wsd-capital-works-contracts/index.html?id=25  | ✓ | ⏱: 8.55s 
[FETCH]... ↓ https://www.wsd.gov.hk/en/tenders-contracts-and-...ive-wsd-capital-works-contracts/index.html?id=26  | ✓ | ⏱: 5.48s 
[SCRAPE].. ◆ https://www.wsd.gov.hk/en/tenders-contracts-and-...ive-wsd-capital-works-contracts/index.html?id=26  | ✓ | ⏱: 0.50s 
[EXTRACT]. ■ https://www.wsd.gov.hk/en/tenders-contracts-and-...ive-wsd-capital-works-contracts/index.html?id=26  | ✓ | ⏱: 0.13s 
[COMPLETE] ● https://www.wsd.gov.hk/en/tenders-contracts-and-...ive-wsd-capital-works-contracts/index.html?id=26  | ✓ | ⏱: 6.23s 
[FETCH]... ↓ https://www.wsd.gov.hk/en/tenders-contracts-and-...ive-wsd-capital-works-contracts/index.html?id=27  | ✓ | ⏱: 5.86s 
[SCRAPE].. ◆ https://www.wsd.gov.hk/en/tenders-contracts-and-...ive-wsd-capital-works-contracts/index.html?id=27  | ✓ | ⏱: 0.68s 
[EXTRACT]. ■ https://www.wsd.gov.hk/en/tenders-contracts-and-...ive-wsd-capital-works-contracts/index.html?id=27  | ✓ | ⏱: 0.49s 
[COMPLETE] ● https://www.wsd.gov.hk/en/tenders-contracts-and-...ive-wsd-capital-works-contracts/index.html?id=27  | ✓ | ⏱: 7.19s 
[FETCH]... ↓ https://www.wsd.gov.hk/en/tenders-contracts-and-...ive-wsd-capital-works-contracts/index.html?id=28  | ✓ | ⏱: 6.76s 
[SCRAPE].. ◆ https://www.wsd.gov.hk/en/tenders-contracts-and-...ive-wsd-capital-works-contracts/index.html?id=28  | ✓ | ⏱: 0.42s 
[FETCH]... ↓ https://www.wsd.gov.hk/en/tenders-contracts-and-...ive-wsd-capital-works-contracts/index.html?id=29  | ✓ | ⏱: 6.73s 
[SCRAPE].. ◆ https://www.wsd.gov.hk/en/tenders-contracts-and-...ive-wsd-capital-works-contracts/index.html?id=29  | ✓ | ⏱: 0.23s 
[EXTRACT]. ■ https://www.wsd.gov.hk/en/tenders-contracts-and-...ive-wsd-capital-works-contracts/index.html?id=28  | ✓ | ⏱: 0.32s 
[COMPLETE] ● https://www.wsd.gov.hk/en/tenders-contracts-and-...ive-wsd-capital-works-contracts/index.html?id=28  | ✓ | ⏱: 7.55s 
[FETCH]... ↓ https://www.wsd.gov.hk/en/tenders-contracts-and-...tive-wsd-capital-works-contracts/index.html?id=3  | ✓ | ⏱: 6.84s 
[SCRAPE].. ◆ https://www.wsd.gov.hk/en/tenders-contracts-and-...tive-wsd-capital-works-contracts/index.html?id=3  | ✓ | ⏱: 0.35s 
[EXTRACT]. ■ https://www.wsd.gov.hk/en/tenders-contracts-and-...ive-wsd-capital-works-contracts/index.html?id=29  | ✓ | ⏱: 0.60s 
[COMPLETE] ● https://www.wsd.gov.hk/en/tenders-contracts-and-...ive-wsd-capital-works-contracts/index.html?id=29  | ✓ | ⏱: 7.61s 
[EXTRACT]. ■ https://www.wsd.gov.hk/en/tenders-contracts-and-...tive-wsd-capital-works-contracts/index.html?id=3  | ✓ | ⏱: 0.26s 
[COMPLETE] ● https://www.wsd.gov.hk/en/tenders-contracts-and-...tive-wsd-capital-works-contracts/index.html?id=3  | ✓ | ⏱: 7.54s 
[FETCH]... ↓ https://www.wsd.gov.hk/en/tenders-contracts-and-...ive-wsd-capital-works-contracts/index.html?id=30  | ✓ | ⏱: 6.65s 
[SCRAPE].. ◆ https://www.wsd.gov.hk/en/tenders-contracts-and-...ive-wsd-capital-works-contracts/index.html?id=30  | ✓ | ⏱: 0.33s 
[EXTRACT]. ■ https://www.wsd.gov.hk/en/tenders-contracts-and-...ive-wsd-capital-works-contracts/index.html?id=30  | ✓ | ⏱: 0.35s 
[COMPLETE] ● https://www.wsd.gov.hk/en/tenders-contracts-and-...ive-wsd-capital-works-contracts/index.html?id=30  | ✓ | ⏱: 7.48s 
[FETCH]... ↓ https://www.wsd.gov.hk/en/tenders-contracts-and-...ive-wsd-capital-works-contracts/index.html?id=31  | ✓ | ⏱: 6.14s 
[SCRAPE].. ◆ https://www.wsd.gov.hk/en/tenders-contracts-and-...ive-wsd-capital-works-contracts/index.html?id=31  | ✓ | ⏱: 0.52s 
[EXTRACT]. ■ https://www.wsd.gov.hk/en/tenders-contracts-and-...ive-wsd-capital-works-contracts/index.html?id=31  | ✓ | ⏱: 0.58s 
[COMPLETE] ● https://www.wsd.gov.hk/en/tenders-contracts-and-...ive-wsd-capital-works-contracts/index.html?id=31  | ✓ | ⏱: 7.41s 
[FETCH]... ↓ https://www.wsd.gov.hk/en/tenders-contracts-and-...ive-wsd-capital-works-contracts/index.html?id=32  | ✓ | ⏱: 6.32s 
[SCRAPE].. ◆ https://www.wsd.gov.hk/en/tenders-contracts-and-...ive-wsd-capital-works-contracts/index.html?id=32  | ✓ | ⏱: 0.29s 
[EXTRACT]. ■ https://www.wsd.gov.hk/en/tenders-contracts-and-...ive-wsd-capital-works-contracts/index.html?id=32  | ✓ | ⏱: 0.31s 
[COMPLETE] ● https://www.wsd.gov.hk/en/tenders-contracts-and-...ive-wsd-capital-works-contracts/index.html?id=32  | ✓ | ⏱: 6.97s 
[FETCH]... ↓ https://www.wsd.gov.hk/en/tenders-contracts-and-...ive-wsd-capital-works-contracts/index.html?id=33  | ✓ | ⏱: 6.36s 
[SCRAPE].. ◆ https://www.wsd.gov.hk/en/tenders-contracts-and-...ive-wsd-capital-works-contracts/index.html?id=33  | ✓ | ⏱: 0.34s 
[EXTRACT]. ■ https://www.wsd.gov.hk/en/tenders-contracts-and-...ive-wsd-capital-works-contracts/index.html?id=33  | ✓ | ⏱: 0.10s 
[COMPLETE] ● https://www.wsd.gov.hk/en/tenders-contracts-and-...ive-wsd-capital-works-contracts/index.html?id=33  | ✓ | ⏱: 6.85s 
[FETCH]... ↓ https://www.wsd.gov.hk/en/tenders-contracts-and-...ive-wsd-capital-works-contracts/index.html?id=34  | ✓ | ⏱: 7.10s 
[SCRAPE].. ◆ https://www.wsd.gov.hk/en/tenders-contracts-and-...ive-wsd-capital-works-contracts/index.html?id=34  | ✓ | ⏱: 0.27s 
[FETCH]... ↓ https://www.wsd.gov.hk/en/tenders-contracts-and-...ive-wsd-capital-works-contracts/index.html?id=35  | ✓ | ⏱: 6.52s 
[SCRAPE].. ◆ https://www.wsd.gov.hk/en/tenders-contracts-and-...ive-wsd-capital-works-contracts/index.html?id=35  | ✓ | ⏱: 0.75s 
[EXTRACT]. ■ https://www.wsd.gov.hk/en/tenders-contracts-and-...ive-wsd-capital-works-contracts/index.html?id=34  | ✓ | ⏱: 1.01s 
[COMPLETE] ● https://www.wsd.gov.hk/en/tenders-contracts-and-...ive-wsd-capital-works-contracts/index.html?id=34  | ✓ | ⏱: 8.55s 
[EXTRACT]. ■ https://www.wsd.gov.hk/en/tenders-contracts-and-...ive-wsd-capital-works-contracts/index.html?id=35  | ✓ | ⏱: 0.55s 
[COMPLETE] ● https://www.wsd.gov.hk/en/tenders-contracts-and-...ive-wsd-capital-works-contracts/index.html?id=35  | ✓ | ⏱: 7.94s 
[FETCH]... ↓ https://www.wsd.gov.hk/en/tenders-contracts-and-...ive-wsd-capital-works-contracts/index.html?id=36  | ✓ | ⏱: 7.34s 
[SCRAPE].. ◆ https://www.wsd.gov.hk/en/tenders-contracts-and-...ive-wsd-capital-works-contracts/index.html?id=36  | ✓ | ⏱: 0.42s 
[EXTRACT]. ■ https://www.wsd.gov.hk/en/tenders-contracts-and-...ive-wsd-capital-works-contracts/index.html?id=36  | ✓ | ⏱: 0.13s 
[COMPLETE] ● https://www.wsd.gov.hk/en/tenders-contracts-and-...ive-wsd-capital-works-contracts/index.html?id=36  | ✓ | ⏱: 7.94s 
[FETCH]... ↓ https://www.wsd.gov.hk/en/tenders-contracts-and-...ive-wsd-capital-works-contracts/index.html?id=38  | ✓ | ⏱: 6.50s 
[SCRAPE].. ◆ https://www.wsd.gov.hk/en/tenders-contracts-and-...ive-wsd-capital-works-contracts/index.html?id=38  | ✓ | ⏱: 0.22s 
[FETCH]... ↓ https://www.wsd.gov.hk/en/tenders-contracts-and-...ive-wsd-capital-works-contracts/index.html?id=37  | ✓ | ⏱: 7.24s 
[SCRAPE].. ◆ https://www.wsd.gov.hk/en/tenders-contracts-and-...ive-wsd-capital-works-contracts/index.html?id=37  | ✓ | ⏱: 0.47s 
[EXTRACT]. ■ https://www.wsd.gov.hk/en/tenders-contracts-and-...ive-wsd-capital-works-contracts/index.html?id=38  | ✓ | ⏱: 0.47s 
[COMPLETE] ● https://www.wsd.gov.hk/en/tenders-contracts-and-...ive-wsd-capital-works-contracts/index.html?id=38  | ✓ | ⏱: 7.25s 
[EXTRACT]. ■ https://www.wsd.gov.hk/en/tenders-contracts-and-...ive-wsd-capital-works-contracts/index.html?id=37  | ✓ | ⏱: 0.17s 
[COMPLETE] ● https://www.wsd.gov.hk/en/tenders-contracts-and-...ive-wsd-capital-works-contracts/index.html?id=37  | ✓ | ⏱: 7.93s 
[FETCH]... ↓ https://www.wsd.gov.hk/en/tenders-contracts-and-...ive-wsd-capital-works-contracts/index.html?id=39  | ✓ | ⏱: 5.24s 
[SCRAPE].. ◆ https://www.wsd.gov.hk/en/tenders-contracts-and-...ive-wsd-capital-works-contracts/index.html?id=39  | ✓ | ⏱: 0.24s 
[EXTRACT]. ■ https://www.wsd.gov.hk/en/tenders-contracts-and-...ive-wsd-capital-works-contracts/index.html?id=39  | ✓ | ⏱: 0.11s 
[COMPLETE] ● https://www.wsd.gov.hk/en/tenders-contracts-and-...ive-wsd-capital-works-contracts/index.html?id=39  | ✓ | ⏱: 5.66s 
[FETCH]... ↓ https://www.wsd.gov.hk/en/tenders-contracts-and-...ive-wsd-capital-works-contracts/index.html?id=40  | ✓ | ⏱: 5.49s 
[SCRAPE].. ◆ https://www.wsd.gov.hk/en/tenders-contracts-and-...ive-wsd-capital-works-contracts/index.html?id=40  | ✓ | ⏱: 0.56s 
[FETCH]... ↓ https://www.wsd.gov.hk/en/tenders-contracts-and-...tive-wsd-capital-works-contracts/index.html?id=4  | ✓ | ⏱: 7.45s 
[SCRAPE].. ◆ https://www.wsd.gov.hk/en/tenders-contracts-and-...tive-wsd-capital-works-contracts/index.html?id=4  | ✓ | ⏱: 0.71s 
[EXTRACT]. ■ https://www.wsd.gov.hk/en/tenders-contracts-and-...ive-wsd-capital-works-contracts/index.html?id=40  | ✓ | ⏱: 1.50s 
[COMPLETE] ● https://www.wsd.gov.hk/en/tenders-contracts-and-...ive-wsd-capital-works-contracts/index.html?id=40  | ✓ | ⏱: 7.69s 
[EXTRACT]. ■ https://www.wsd.gov.hk/en/tenders-contracts-and-...tive-wsd-capital-works-contracts/index.html?id=4  | ✓ | ⏱: 0.26s 
[COMPLETE] ● https://www.wsd.gov.hk/en/tenders-contracts-and-...tive-wsd-capital-works-contracts/index.html?id=4  | ✓ | ⏱: 8.48s 
[FETCH]... ↓ https://www.wsd.gov.hk/en/tenders-contracts-and-...ive-wsd-capital-works-contracts/index.html?id=41  | ✓ | ⏱: 6.32s 
[SCRAPE].. ◆ https://www.wsd.gov.hk/en/tenders-contracts-and-...ive-wsd-capital-works-contracts/index.html?id=41  | ✓ | ⏱: 0.66s 
[EXTRACT]. ■ https://www.wsd.gov.hk/en/tenders-contracts-and-...ive-wsd-capital-works-contracts/index.html?id=41  | ✓ | ⏱: 0.30s 
[COMPLETE] ● https://www.wsd.gov.hk/en/tenders-contracts-and-...ive-wsd-capital-works-contracts/index.html?id=41  | ✓ | ⏱: 7.41s 
[FETCH]... ↓ https://www.wsd.gov.hk/en/tenders-contracts-and-...ive-wsd-capital-works-contracts/index.html?id=43  | ✓ | ⏱: 6.61s 
[SCRAPE].. ◆ https://www.wsd.gov.hk/en/tenders-contracts-and-...ive-wsd-capital-works-contracts/index.html?id=43  | ✓ | ⏱: 0.33s 
[FETCH]... ↓ https://www.wsd.gov.hk/en/tenders-contracts-and-...ive-wsd-capital-works-contracts/index.html?id=42  | ✓ | ⏱: 7.40s 
[SCRAPE].. ◆ https://www.wsd.gov.hk/en/tenders-contracts-and-...ive-wsd-capital-works-contracts/index.html?id=42  | ✓ | ⏱: 0.51s 
[EXTRACT]. ■ https://www.wsd.gov.hk/en/tenders-contracts-and-...ive-wsd-capital-works-contracts/index.html?id=43  | ✓ | ⏱: 0.52s 
[COMPLETE] ● https://www.wsd.gov.hk/en/tenders-contracts-and-...ive-wsd-capital-works-contracts/index.html?id=43  | ✓ | ⏱: 7.50s 
[EXTRACT]. ■ https://www.wsd.gov.hk/en/tenders-contracts-and-...ive-wsd-capital-works-contracts/index.html?id=42  | ✓ | ⏱: 0.19s 
[COMPLETE] ● https://www.wsd.gov.hk/en/tenders-contracts-and-...ive-wsd-capital-works-contracts/index.html?id=42  | ✓ | ⏱: 8.15s 
[FETCH]... ↓ https://www.wsd.gov.hk/en/tenders-contracts-and-...ive-wsd-capital-works-contracts/index.html?id=44  | ✓ | ⏱: 7.52s 
[SCRAPE].. ◆ https://www.wsd.gov.hk/en/tenders-contracts-and-...ive-wsd-capital-works-contracts/index.html?id=44  | ✓ | ⏱: 0.45s 
[FETCH]... ↓ https://www.wsd.gov.hk/en/tenders-contracts-and-...ive-wsd-capital-works-contracts/index.html?id=45  | ✓ | ⏱: 7.68s 
[SCRAPE].. ◆ https://www.wsd.gov.hk/en/tenders-contracts-and-...ive-wsd-capital-works-contracts/index.html?id=45  | ✓ | ⏱: 0.30s 
[EXTRACT]. ■ https://www.wsd.gov.hk/en/tenders-contracts-and-...ive-wsd-capital-works-contracts/index.html?id=44  | ✓ | ⏱: 0.39s 
[COMPLETE] ● https://www.wsd.gov.hk/en/tenders-contracts-and-...ive-wsd-capital-works-contracts/index.html?id=44  | ✓ | ⏱: 8.41s 
[EXTRACT]. ■ https://www.wsd.gov.hk/en/tenders-contracts-and-...ive-wsd-capital-works-contracts/index.html?id=45  | ✓ | ⏱: 0.16s 
[COMPLETE] ● https://www.wsd.gov.hk/en/tenders-contracts-and-...ive-wsd-capital-works-contracts/index.html?id=45  | ✓ | ⏱: 8.22s 
[FETCH]... ↓ https://www.wsd.gov.hk/en/tenders-contracts-and-...ive-wsd-capital-works-contracts/index.html?id=46  | ✓ | ⏱: 4.25s 
[SCRAPE].. ◆ https://www.wsd.gov.hk/en/tenders-contracts-and-...ive-wsd-capital-works-contracts/index.html?id=46  | ✓ | ⏱: 0.27s 
[EXTRACT]. ■ https://www.wsd.gov.hk/en/tenders-contracts-and-...ive-wsd-capital-works-contracts/index.html?id=46  | ✓ | ⏱: 0.31s 
[COMPLETE] ● https://www.wsd.gov.hk/en/tenders-contracts-and-...ive-wsd-capital-works-contracts/index.html?id=46  | ✓ | ⏱: 4.90s 
[FETCH]... ↓ https://www.wsd.gov.hk/en/tenders-contracts-and-...ive-wsd-capital-works-contracts/index.html?id=47  | ✓ | ⏱: 5.71s 
[SCRAPE].. ◆ https://www.wsd.gov.hk/en/tenders-contracts-and-...ive-wsd-capital-works-contracts/index.html?id=47  | ✓ | ⏱: 0.95s 
[FETCH]... ↓ https://www.wsd.gov.hk/en/tenders-contracts-and-...ive-wsd-capital-works-contracts/index.html?id=48  | ✓ | ⏱: 6.99s 
[SCRAPE].. ◆ https://www.wsd.gov.hk/en/tenders-contracts-and-...ive-wsd-capital-works-contracts/index.html?id=48  | ✓ | ⏱: 0.71s 
[EXTRACT]. ■ https://www.wsd.gov.hk/en/tenders-contracts-and-...ive-wsd-capital-works-contracts/index.html?id=47  | ✓ | ⏱: 0.95s 
[COMPLETE] ● https://www.wsd.gov.hk/en/tenders-contracts-and-...ive-wsd-capital-works-contracts/index.html?id=47  | ✓ | ⏱: 7.79s 
[EXTRACT]. ■ https://www.wsd.gov.hk/en/tenders-contracts-and-...ive-wsd-capital-works-contracts/index.html?id=48  | ✓ | ⏱: 0.32s 
[COMPLETE] ● https://www.wsd.gov.hk/en/tenders-contracts-and-...ive-wsd-capital-works-contracts/index.html?id=48  | ✓ | ⏱: 8.08s 
[FETCH]... ↓ https://www.wsd.gov.hk/en/tenders-contracts-and-...ive-wsd-capital-works-contracts/index.html?id=49  | ✓ | ⏱: 6.47s 
[SCRAPE].. ◆ https://www.wsd.gov.hk/en/tenders-contracts-and-...ive-wsd-capital-works-contracts/index.html?id=49  | ✓ | ⏱: 0.55s 
[EXTRACT]. ■ https://www.wsd.gov.hk/en/tenders-contracts-and-...ive-wsd-capital-works-contracts/index.html?id=49  | ✓ | ⏱: 0.13s 
[COMPLETE] ● https://www.wsd.gov.hk/en/tenders-contracts-and-...ive-wsd-capital-works-contracts/index.html?id=49  | ✓ | ⏱: 7.21s 
[FETCH]... ↓ https://www.wsd.gov.hk/en/tenders-contracts-and-...ive-wsd-capital-works-contracts/index.html?id=50  | ✓ | ⏱: 6.47s 
[SCRAPE].. ◆ https://www.wsd.gov.hk/en/tenders-contracts-and-...ive-wsd-capital-works-contracts/index.html?id=50  | ✓ | ⏱: 0.37s 
[FETCH]... ↓ https://www.wsd.gov.hk/en/tenders-contracts-and-...tive-wsd-capital-works-contracts/index.html?id=5  | ✓ | ⏱: 7.24s 
[SCRAPE].. ◆ https://www.wsd.gov.hk/en/tenders-contracts-and-...tive-wsd-capital-works-contracts/index.html?id=5  | ✓ | ⏱: 0.45s 
[EXTRACT]. ■ https://www.wsd.gov.hk/en/tenders-contracts-and-...ive-wsd-capital-works-contracts/index.html?id=50  | ✓ | ⏱: 0.49s 
[COMPLETE] ● https://www.wsd.gov.hk/en/tenders-contracts-and-...ive-wsd-capital-works-contracts/index.html?id=50  | ✓ | ⏱: 7.38s 
[EXTRACT]. ■ https://www.wsd.gov.hk/en/tenders-contracts-and-...tive-wsd-capital-works-contracts/index.html?id=5  | ✓ | ⏱: 0.19s 
[COMPLETE] ● https://www.wsd.gov.hk/en/tenders-contracts-and-...tive-wsd-capital-works-contracts/index.html?id=5  | ✓ | ⏱: 7.92s 
[FETCH]... ↓ https://www.wsd.gov.hk/en/tenders-contracts-and-...ive-wsd-capital-works-contracts/index.html?id=51  | ✓ | ⏱: 6.44s 
[SCRAPE].. ◆ https://www.wsd.gov.hk/en/tenders-contracts-and-...ive-wsd-capital-works-contracts/index.html?id=51  | ✓ | ⏱: 0.81s 
[FETCH]... ↓ https://www.wsd.gov.hk/en/tenders-contracts-and-...ive-wsd-capital-works-contracts/index.html?id=52  | ✓ | ⏱: 7.04s 
[SCRAPE].. ◆ https://www.wsd.gov.hk/en/tenders-contracts-and-...ive-wsd-capital-works-contracts/index.html?id=52  | ✓ | ⏱: 0.44s 
[EXTRACT]. ■ https://www.wsd.gov.hk/en/tenders-contracts-and-...ive-wsd-capital-works-contracts/index.html?id=51  | ✓ | ⏱: 0.45s 
[COMPLETE] ● https://www.wsd.gov.hk/en/tenders-contracts-and-...ive-wsd-capital-works-contracts/index.html?id=51  | ✓ | ⏱: 7.81s 
[EXTRACT]. ■ https://www.wsd.gov.hk/en/tenders-contracts-and-...ive-wsd-capital-works-contracts/index.html?id=52  | ✓ | ⏱: 0.17s 
[COMPLETE] ● https://www.wsd.gov.hk/en/tenders-contracts-and-...ive-wsd-capital-works-contracts/index.html?id=52  | ✓ | ⏱: 7.70s 
[FETCH]... ↓ https://www.wsd.gov.hk/en/tenders-contracts-and-...ive-wsd-capital-works-contracts/index.html?id=53  | ✓ | ⏱: 5.97s 
[SCRAPE].. ◆ https://www.wsd.gov.hk/en/tenders-contracts-and-...ive-wsd-capital-works-contracts/index.html?id=53  | ✓ | ⏱: 0.30s 
[EXTRACT]. ■ https://www.wsd.gov.hk/en/tenders-contracts-and-...ive-wsd-capital-works-contracts/index.html?id=53  | ✓ | ⏱: 0.72s 
[COMPLETE] ● https://www.wsd.gov.hk/en/tenders-contracts-and-...ive-wsd-capital-works-contracts/index.html?id=53  | ✓ | ⏱: 7.13s 
[FETCH]... ↓ https://www.wsd.gov.hk/en/tenders-contracts-and-...ive-wsd-capital-works-contracts/index.html?id=55  | ✓ | ⏱: 6.72s 
[SCRAPE].. ◆ https://www.wsd.gov.hk/en/tenders-contracts-and-...ive-wsd-capital-works-contracts/index.html?id=55  | ✓ | ⏱: 0.27s 
[FETCH]... ↓ https://www.wsd.gov.hk/en/tenders-contracts-and-...ive-wsd-capital-works-contracts/index.html?id=54  | ✓ | ⏱: 7.23s 
[SCRAPE].. ◆ https://www.wsd.gov.hk/en/tenders-contracts-and-...ive-wsd-capital-works-contracts/index.html?id=54  | ✓ | ⏱: 0.52s 
[EXTRACT]. ■ https://www.wsd.gov.hk/en/tenders-contracts-and-...ive-wsd-capital-works-contracts/index.html?id=55  | ✓ | ⏱: 0.54s 
[COMPLETE] ● https://www.wsd.gov.hk/en/tenders-contracts-and-...ive-wsd-capital-works-contracts/index.html?id=55  | ✓ | ⏱: 7.67s 
[EXTRACT]. ■ https://www.wsd.gov.hk/en/tenders-contracts-and-...ive-wsd-capital-works-contracts/index.html?id=54  | ✓ | ⏱: 0.41s 
[COMPLETE] ● https://www.wsd.gov.hk/en/tenders-contracts-and-...ive-wsd-capital-works-contracts/index.html?id=54  | ✓ | ⏱: 8.27s 
[FETCH]... ↓ https://www.wsd.gov.hk/en/tenders-contracts-and-...ive-wsd-capital-works-contracts/index.html?id=56  | ✓ | ⏱: 6.31s 
[SCRAPE].. ◆ https://www.wsd.gov.hk/en/tenders-contracts-and-...ive-wsd-capital-works-contracts/index.html?id=56  | ✓ | ⏱: 0.57s 
[FETCH]... ↓ https://www.wsd.gov.hk/en/tenders-contracts-and-...ive-wsd-capital-works-contracts/index.html?id=57  | ✓ | ⏱: 6.72s 
[SCRAPE].. ◆ https://www.wsd.gov.hk/en/tenders-contracts-and-...ive-wsd-capital-works-contracts/index.html?id=57  | ✓ | ⏱: 0.67s 
[EXTRACT]. ■ https://www.wsd.gov.hk/en/tenders-contracts-and-...ive-wsd-capital-works-contracts/index.html?id=56  | ✓ | ⏱: 0.68s 
[COMPLETE] ● https://www.wsd.gov.hk/en/tenders-contracts-and-...ive-wsd-capital-works-contracts/index.html?id=56  | ✓ | ⏱: 7.66s 
[EXTRACT]. ■ https://www.wsd.gov.hk/en/tenders-contracts-and-...ive-wsd-capital-works-contracts/index.html?id=57  | ✓ | ⏱: 0.23s 
[COMPLETE] ● https://www.wsd.gov.hk/en/tenders-contracts-and-...ive-wsd-capital-works-contracts/index.html?id=57  | ✓ | ⏱: 7.68s 
[FETCH]... ↓ https://www.wsd.gov.hk/en/tenders-contracts-and-...ive-wsd-capital-works-contracts/index.html?id=58  | ✓ | ⏱: 5.59s 
[SCRAPE].. ◆ https://www.wsd.gov.hk/en/tenders-contracts-and-...ive-wsd-capital-works-contracts/index.html?id=58  | ✓ | ⏱: 0.29s 
[EXTRACT]. ■ https://www.wsd.gov.hk/en/tenders-contracts-and-...ive-wsd-capital-works-contracts/index.html?id=58  | ✓ | ⏱: 0.11s 
[COMPLETE] ● https://www.wsd.gov.hk/en/tenders-contracts-and-...ive-wsd-capital-works-contracts/index.html?id=58  | ✓ | ⏱: 6.04s 
[FETCH]... ↓ https://www.wsd.gov.hk/en/tenders-contracts-and-...ive-wsd-capital-works-contracts/index.html?id=59  | ✓ | ⏱: 6.70s 
[SCRAPE].. ◆ https://www.wsd.gov.hk/en/tenders-contracts-and-...ive-wsd-capital-works-contracts/index.html?id=59  | ✓ | ⏱: 0.35s 
[EXTRACT]. ■ https://www.wsd.gov.hk/en/tenders-contracts-and-...ive-wsd-capital-works-contracts/index.html?id=59  | ✓ | ⏱: 0.14s 
[COMPLETE] ● https://www.wsd.gov.hk/en/tenders-contracts-and-...ive-wsd-capital-works-contracts/index.html?id=59  | ✓ | ⏱: 7.28s 
[FETCH]... ↓ https://www.wsd.gov.hk/en/tenders-contracts-and-...tive-wsd-capital-works-contracts/index.html?id=6  | ✓ | ⏱: 6.94s 
[SCRAPE].. ◆ https://www.wsd.gov.hk/en/tenders-contracts-and-...tive-wsd-capital-works-contracts/index.html?id=6  | ✓ | ⏱: 0.25s 
[EXTRACT]. ■ https://www.wsd.gov.hk/en/tenders-contracts-and-...tive-wsd-capital-works-contracts/index.html?id=6  | ✓ | ⏱: 0.30s 
[COMPLETE] ● https://www.wsd.gov.hk/en/tenders-contracts-and-...tive-wsd-capital-works-contracts/index.html?id=6  | ✓ | ⏱: 7.54s 
[FETCH]... ↓ https://www.wsd.gov.hk/en/tenders-contracts-and-...ive-wsd-capital-works-contracts/index.html?id=60  | ✓ | ⏱: 4.58s 
[SCRAPE].. ◆ https://www.wsd.gov.hk/en/tenders-contracts-and-...ive-wsd-capital-works-contracts/index.html?id=60  | ✓ | ⏱: 0.23s 
[EXTRACT]. ■ https://www.wsd.gov.hk/en/tenders-contracts-and-...ive-wsd-capital-works-contracts/index.html?id=60  | ✓ | ⏱: 0.11s 
[COMPLETE] ● https://www.wsd.gov.hk/en/tenders-contracts-and-...ive-wsd-capital-works-contracts/index.html?id=60  | ✓ | ⏱: 4.98s 
[FETCH]... ↓ https://www.wsd.gov.hk/en/tenders-contracts-and-...ive-wsd-capital-works-contracts/index.html?id=61  | ✓ | ⏱: 6.08s 
[SCRAPE].. ◆ https://www.wsd.gov.hk/en/tenders-contracts-and-...ive-wsd-capital-works-contracts/index.html?id=61  | ✓ | ⏱: 0.98s 
[EXTRACT]. ■ https://www.wsd.gov.hk/en/tenders-contracts-and-...ive-wsd-capital-works-contracts/index.html?id=61  | ✓ | ⏱: 0.43s 
[COMPLETE] ● https://www.wsd.gov.hk/en/tenders-contracts-and-...ive-wsd-capital-works-contracts/index.html?id=61  | ✓ | ⏱: 7.67s 
[FETCH]... ↓ https://www.wsd.gov.hk/en/tenders-contracts-and-...ive-wsd-capital-works-contracts/index.html?id=62  | ✓ | ⏱: 7.12s 
[SCRAPE].. ◆ https://www.wsd.gov.hk/en/tenders-contracts-and-...ive-wsd-capital-works-contracts/index.html?id=62  | ✓ | ⏱: 0.40s 
[EXTRACT]. ■ https://www.wsd.gov.hk/en/tenders-contracts-and-...ive-wsd-capital-works-contracts/index.html?id=62  | ✓ | ⏱: 0.18s 
[COMPLETE] ● https://www.wsd.gov.hk/en/tenders-contracts-and-...ive-wsd-capital-works-contracts/index.html?id=62  | ✓ | ⏱: 7.77s 
[FETCH]... ↓ https://www.wsd.gov.hk/en/tenders-contracts-and-...ive-wsd-capital-works-contracts/index.html?id=63  | ✓ | ⏱: 6.97s 
[SCRAPE].. ◆ https://www.wsd.gov.hk/en/tenders-contracts-and-...ive-wsd-capital-works-contracts/index.html?id=63  | ✓ | ⏱: 0.34s 
[EXTRACT]. ■ https://www.wsd.gov.hk/en/tenders-contracts-and-...ive-wsd-capital-works-contracts/index.html?id=63  | ✓ | ⏱: 0.22s 
[COMPLETE] ● https://www.wsd.gov.hk/en/tenders-contracts-and-...ive-wsd-capital-works-contracts/index.html?id=63  | ✓ | ⏱: 7.58s 
[FETCH]... ↓ https://www.wsd.gov.hk/en/tenders-contracts-and-...ive-wsd-capital-works-contracts/index.html?id=64  | ✓ | ⏱: 7.24s 
[SCRAPE].. ◆ https://www.wsd.gov.hk/en/tenders-contracts-and-...ive-wsd-capital-works-contracts/index.html?id=64  | ✓ | ⏱: 0.25s 
[FETCH]... ↓ https://www.wsd.gov.hk/en/tenders-contracts-and-...ive-wsd-capital-works-contracts/index.html?id=65  | ✓ | ⏱: 6.95s 
[SCRAPE].. ◆ https://www.wsd.gov.hk/en/tenders-contracts-and-...ive-wsd-capital-works-contracts/index.html?id=65  | ✓ | ⏱: 0.44s 
[EXTRACT]. ■ https://www.wsd.gov.hk/en/tenders-contracts-and-...ive-wsd-capital-works-contracts/index.html?id=64  | ✓ | ⏱: 0.45s 
[COMPLETE] ● https://www.wsd.gov.hk/en/tenders-contracts-and-...ive-wsd-capital-works-contracts/index.html?id=64  | ✓ | ⏱: 8.00s 
[EXTRACT]. ■ https://www.wsd.gov.hk/en/tenders-contracts-and-...ive-wsd-capital-works-contracts/index.html?id=65  | ✓ | ⏱: 0.20s 
[COMPLETE] ● https://www.wsd.gov.hk/en/tenders-contracts-and-...ive-wsd-capital-works-contracts/index.html?id=65  | ✓ | ⏱: 7.64s 
[FETCH]... ↓ https://www.wsd.gov.hk/en/tenders-contracts-and-...ive-wsd-capital-works-contracts/index.html?id=66  | ✓ | ⏱: 5.36s 
[SCRAPE].. ◆ https://www.wsd.gov.hk/en/tenders-contracts-and-...ive-wsd-capital-works-contracts/index.html?id=66  | ✓ | ⏱: 0.22s 
[EXTRACT]. ■ https://www.wsd.gov.hk/en/tenders-contracts-and-...ive-wsd-capital-works-contracts/index.html?id=66  | ✓ | ⏱: 0.11s 
[COMPLETE] ● https://www.wsd.gov.hk/en/tenders-contracts-and-...ive-wsd-capital-works-contracts/index.html?id=66  | ✓ | ⏱: 5.74s 
[FETCH]... ↓ https://www.wsd.gov.hk/en/tenders-contracts-and-...ive-wsd-capital-works-contracts/index.html?id=67  | ✓ | ⏱: 6.07s 
[SCRAPE].. ◆ https://www.wsd.gov.hk/en/tenders-contracts-and-...ive-wsd-capital-works-contracts/index.html?id=67  | ✓ | ⏱: 1.47s 
[EXTRACT]. ■ https://www.wsd.gov.hk/en/tenders-contracts-and-...ive-wsd-capital-works-contracts/index.html?id=67  | ✓ | ⏱: 0.85s 
[COMPLETE] ● https://www.wsd.gov.hk/en/tenders-contracts-and-...ive-wsd-capital-works-contracts/index.html?id=67  | ✓ | ⏱: 8.48s 
[FETCH]... ↓ https://www.wsd.gov.hk/en/tenders-contracts-and-...ive-wsd-capital-works-contracts/index.html?id=68  | ✓ | ⏱: 7.58s 
[SCRAPE].. ◆ https://www.wsd.gov.hk/en/tenders-contracts-and-...ive-wsd-capital-works-contracts/index.html?id=68  | ✓ | ⏱: 0.30s 
[FETCH]... ↓ https://www.wsd.gov.hk/en/tenders-contracts-and-...tive-wsd-capital-works-contracts/index.html?id=7  | ✓ | ⏱: 7.77s 
[SCRAPE].. ◆ https://www.wsd.gov.hk/en/tenders-contracts-and-...tive-wsd-capital-works-contracts/index.html?id=7  | ✓ | ⏱: 0.29s 
[EXTRACT]. ■ https://www.wsd.gov.hk/en/tenders-contracts-and-...ive-wsd-capital-works-contracts/index.html?id=68  | ✓ | ⏱: 0.37s 
[COMPLETE] ● https://www.wsd.gov.hk/en/tenders-contracts-and-...ive-wsd-capital-works-contracts/index.html?id=68  | ✓ | ⏱: 8.33s 
[FETCH]... ↓ https://www.wsd.gov.hk/en/tenders-contracts-and-...ive-wsd-capital-works-contracts/index.html?id=69  | ✓ | ⏱: 8.20s 
[SCRAPE].. ◆ https://www.wsd.gov.hk/en/tenders-contracts-and-...ive-wsd-capital-works-contracts/index.html?id=69  | ✓ | ⏱: 0.32s 
[EXTRACT]. ■ https://www.wsd.gov.hk/en/tenders-contracts-and-...tive-wsd-capital-works-contracts/index.html?id=7  | ✓ | ⏱: 0.52s 
[COMPLETE] ● https://www.wsd.gov.hk/en/tenders-contracts-and-...tive-wsd-capital-works-contracts/index.html?id=7  | ✓ | ⏱: 8.66s 
[FETCH]... ↓ https://www.wsd.gov.hk/en/tenders-contracts-and-...ive-wsd-capital-works-contracts/index.html?id=70  | ✓ | ⏱: 7.25s 
[SCRAPE].. ◆ https://www.wsd.gov.hk/en/tenders-contracts-and-...ive-wsd-capital-works-contracts/index.html?id=70  | ✓ | ⏱: 0.33s 
[EXTRACT]. ■ https://www.wsd.gov.hk/en/tenders-contracts-and-...ive-wsd-capital-works-contracts/index.html?id=69  | ✓ | ⏱: 0.42s 
[COMPLETE] ● https://www.wsd.gov.hk/en/tenders-contracts-and-...ive-wsd-capital-works-contracts/index.html?id=69  | ✓ | ⏱: 9.01s 
[EXTRACT]. ■ https://www.wsd.gov.hk/en/tenders-contracts-and-...ive-wsd-capital-works-contracts/index.html?id=70  | ✓ | ⏱: 0.19s 
[COMPLETE] ● https://www.wsd.gov.hk/en/tenders-contracts-and-...ive-wsd-capital-works-contracts/index.html?id=70  | ✓ | ⏱: 7.84s 
[FETCH]... ↓ https://www.wsd.gov.hk/en/tenders-contracts-and-...ive-wsd-capital-works-contracts/index.html?id=71  | ✓ | ⏱: 5.01s 
[SCRAPE].. ◆ https://www.wsd.gov.hk/en/tenders-contracts-and-...ive-wsd-capital-works-contracts/index.html?id=71  | ✓ | ⏱: 0.29s 
[EXTRACT]. ■ https://www.wsd.gov.hk/en/tenders-contracts-and-...ive-wsd-capital-works-contracts/index.html?id=71  | ✓ | ⏱: 0.12s 
[COMPLETE] ● https://www.wsd.gov.hk/en/tenders-contracts-and-...ive-wsd-capital-works-contracts/index.html?id=71  | ✓ | ⏱: 5.49s 
[FETCH]... ↓ https://www.wsd.gov.hk/en/tenders-contracts-and-...ive-wsd-capital-works-contracts/index.html?id=72  | ✓ | ⏱: 5.90s 
[SCRAPE].. ◆ https://www.wsd.gov.hk/en/tenders-contracts-and-...ive-wsd-capital-works-contracts/index.html?id=72  | ✓ | ⏱: 0.26s 
[FETCH]... ↓ https://www.wsd.gov.hk/en/tenders-contracts-and-...ive-wsd-capital-works-contracts/index.html?id=73  | ✓ | ⏱: 5.38s 
[SCRAPE].. ◆ https://www.wsd.gov.hk/en/tenders-contracts-and-...ive-wsd-capital-works-contracts/index.html?id=73  | ✓ | ⏱: 0.32s 
[EXTRACT]. ■ https://www.wsd.gov.hk/en/tenders-contracts-and-...ive-wsd-capital-works-contracts/index.html?id=72  | ✓ | ⏱: 0.44s 
[COMPLETE] ● https://www.wsd.gov.hk/en/tenders-contracts-and-...ive-wsd-capital-works-contracts/index.html?id=72  | ✓ | ⏱: 6.63s 
[FETCH]... ↓ https://www.wsd.gov.hk/en/tenders-contracts-and-...ive-wsd-capital-works-contracts/index.html?id=74  | ✓ | ⏱: 5.86s 
[SCRAPE].. ◆ https://www.wsd.gov.hk/en/tenders-contracts-and-...ive-wsd-capital-works-contracts/index.html?id=74  | ✓ | ⏱: 0.33s 
[EXTRACT]. ■ https://www.wsd.gov.hk/en/tenders-contracts-and-...ive-wsd-capital-works-contracts/index.html?id=73  | ✓ | ⏱: 0.76s 
[COMPLETE] ● https://www.wsd.gov.hk/en/tenders-contracts-and-...ive-wsd-capital-works-contracts/index.html?id=73  | ✓ | ⏱: 6.51s 
[FETCH]... ↓ https://www.wsd.gov.hk/en/tenders-contracts-and-...ive-wsd-capital-works-contracts/index.html?id=75  | ✓ | ⏱: 6.26s 
[SCRAPE].. ◆ https://www.wsd.gov.hk/en/tenders-contracts-and-...ive-wsd-capital-works-contracts/index.html?id=75  | ✓ | ⏱: 0.30s 
[EXTRACT]. ■ https://www.wsd.gov.hk/en/tenders-contracts-and-...ive-wsd-capital-works-contracts/index.html?id=74  | ✓ | ⏱: 0.45s 
[COMPLETE] ● https://www.wsd.gov.hk/en/tenders-contracts-and-...ive-wsd-capital-works-contracts/index.html?id=74  | ✓ | ⏱: 6.69s 
[EXTRACT]. ■ https://www.wsd.gov.hk/en/tenders-contracts-and-...ive-wsd-capital-works-contracts/index.html?id=75  | ✓ | ⏱: 0.22s 
[COMPLETE] ● https://www.wsd.gov.hk/en/tenders-contracts-and-...ive-wsd-capital-works-contracts/index.html?id=75  | ✓ | ⏱: 6.86s 
[FETCH]... ↓ https://www.wsd.gov.hk/en/tenders-contracts-and-...ive-wsd-capital-works-contracts/index.html?id=76  | ✓ | ⏱: 6.21s 
[SCRAPE].. ◆ https://www.wsd.gov.hk/en/tenders-contracts-and-...ive-wsd-capital-works-contracts/index.html?id=76  | ✓ | ⏱: 0.39s 
[EXTRACT]. ■ https://www.wsd.gov.hk/en/tenders-contracts-and-...ive-wsd-capital-works-contracts/index.html?id=76  | ✓ | ⏱: 0.44s 
[COMPLETE] ● https://www.wsd.gov.hk/en/tenders-contracts-and-...ive-wsd-capital-works-contracts/index.html?id=76  | ✓ | ⏱: 7.08s 
[FETCH]... ↓ https://www.wsd.gov.hk/en/tenders-contracts-and-...ive-wsd-capital-works-contracts/index.html?id=77  | ✓ | ⏱: 5.99s 
[SCRAPE].. ◆ https://www.wsd.gov.hk/en/tenders-contracts-and-...ive-wsd-capital-works-contracts/index.html?id=77  | ✓ | ⏱: 0.25s 
[EXTRACT]. ■ https://www.wsd.gov.hk/en/tenders-contracts-and-...ive-wsd-capital-works-contracts/index.html?id=77  | ✓ | ⏱: 0.09s 
[COMPLETE] ● https://www.wsd.gov.hk/en/tenders-contracts-and-...ive-wsd-capital-works-contracts/index.html?id=77  | ✓ | ⏱: 6.38s 
[FETCH]... ↓ https://www.wsd.gov.hk/en/tenders-contracts-and-...tive-wsd-capital-works-contracts/index.html?id=8  | ✓ | ⏱: 5.67s 
[SCRAPE].. ◆ https://www.wsd.gov.hk/en/tenders-contracts-and-...tive-wsd-capital-works-contracts/index.html?id=8  | ✓ | ⏱: 0.19s 
[EXTRACT]. ■ https://www.wsd.gov.hk/en/tenders-contracts-and-...tive-wsd-capital-works-contracts/index.html?id=8  | ✓ | ⏱: 0.09s 
[COMPLETE] ● https://www.wsd.gov.hk/en/tenders-contracts-and-...tive-wsd-capital-works-contracts/index.html?id=8  | ✓ | ⏱: 5.99s 
[FETCH]... ↓ https://www.wsd.gov.hk/en/tenders-contracts-and-...tive-wsd-capital-works-contracts/index.html?id=9  | ✓ | ⏱: 5.92s 
[SCRAPE].. ◆ https://www.wsd.gov.hk/en/tenders-contracts-and-...tive-wsd-capital-works-contracts/index.html?id=9  | ✓ | ⏱: 0.25s 
[EXTRACT]. ■ https://www.wsd.gov.hk/en/tenders-contracts-and-...tive-wsd-capital-works-contracts/index.html?id=9  | ✓ | ⏱: 0.10s 
[COMPLETE] ● https://www.wsd.gov.hk/en/tenders-contracts-and-...tive-wsd-capital-works-contracts/index.html?id=9  | ✓ | ⏱: 6.32s 
